Símbolo     Valor Decimal   Valor Hexadecimal
-------     -------------   -----------------
STATUS              65498                FFDA
DATA                65499                FFDB
ESTADO_1_LOOP             28                  1C
ESTADO_2_1_LOOP             58                  3A
ESTADO_2_2_LOOP             88                  58
ESTADO_2_3_LOOP            118                  76
ESTADO_2_4_LOOP            148                  94
ESTADO3               158                  9E
ESCREVE_PONTO            190                  BE
LOOP_PRINCIPAL            198                  C6
CHAMA_INSERCAO            270                 10E
PROXIMO               274                 112
ANTERIOR              274                 112
CALCULA_AREA            274                 112
LDP                   275                 113
PONTO_ATUAL            675                 2A3
ULTIMO_PONTO            677                 2A5
ESTADO1TELA            679                 2A7
ESTADO2TELA1            702                 2BE
ESTADO2TELA2            731                 2DB
ESTADO2TELA3            759                 2F7
ESTADO2TELA4            788                 314
MSGSEMPONTOS            811                 32B
MSGINSERIRX            839                 347
MSGINSERIRY            866                 362
CEM                   893                 37D
CURSOR                896                 380
MOSTRAPONTOATUALVISOR            898                 382
STRING                917                 395
TESTE                 923                 39B
PONTOXINSERCAO            925                 39D
PONTOYINSERCAO            927                 39F
POSCURSORINSERCAO            929                 3A1
XTESTE                931                 3A3
AVANCA_PONTO            933                 3A5
MODO_INSERCAO            933                 3A5
INSERE_X              937                 3A9
EH100_3               991                 3DF
ENTRE10E99_3           1011                 3F3
MENORQ10_3           1051                 41B
ESCREVE_X            1087                 43F
POE_TECLA            1189                 4A5
INCREMENTA_CURSOR           1207                 4B7
DECREMENTA_CURSOR           1225                 4C9
SAI_DA_INSERCAO_2           1243                 4DB
SALVA_X              1256                 4E8
EH100_4              1340                 53C
ENTRE10E99_4           1360                 550
MENORQ10_4           1400                 578
ESCREVE_Y            1436                 59C
POE_TECLA2           1538                 602
INCREMENTA_CURSOR2           1556                 614
DECREMENTA_CURSOR2           1574                 626
SALVA_Y              1592                 638
SAI_DA_INSERCAO           1651                 673
GETCHAR              1664                 680
GETCHAR_WHILE           1664                 680
MOSTRAPONTOATUAL           1681                 691
EH100                1717                 6B5
ENTRE10E99           1737                 6C9
MENORQ10             1777                 6F1
ESCREVE_COORD           1813                 715
DESENHA_ULTIMO_PONTO           1925                 785
EH100_2              1945                 799
ENTRE10E99_2           1962                 7AA
MENORQ10_2           1999                 7CF
STR2INT_2            2036                 7F4
STR2INT_1            2057                 809
EHPOSITIVO           2081                 821
LOOPSTR2INT           2083                 823
LOOPOUTPUT           2115                 843
RET_STR2INT_1           2121                 849
STRINGSTR2INT           2124                 84C
INT                  2130                 852
STACKSTR2INT           4180                1054
TAB10                4180                1054
UINT2STR             4188                105C
LOOP                 4204                106C
LOOPINTERNO           4208                1070
EHMENOR              4220                107C
STRINGUINT2STR           4275                10B3
STACK                6329                18B9
_S_LIMPA_VISOR_ITERATIVA           6329                18B9
__OUTRO_LED           6341                18C5
_S_LIMPA_VISOR_RAPIDA           6352                18D0
_S_LIMPA_VISOR_ULTRA           6497                1961
_S_PREENCHE_VISOR           6586                19BA
__MAIS1_LED           6598                19C6
_S_ESCREVER_NO_VISOR           6609                19D1
__VOLTA_ESCR           6609                19D1
__SEGUNDO            6632                19E8
__CONTINUA2           6636                19EC
__PROXIMO_LED           6643                19F3
__FIM_VISOR1           6647                19F7
__FIM_VISOR2           6653                19FD
_S_MULTIPLICAR           6659                1A03
__INICIO_LACO           6669                1A0D
__NAO_SOMAR           6675                1A13
__FIM_LACO           6683                1A1B
__ALERTA_ESTOURO           6697                1A29
_S_DIVIDIR           6699                1A2B
__NAO_ZERO           6705                1A31
__SUBTRAI_DIVISOR           6733                1A4D
__BIT_ZERO           6737                1A51
__INDICA_ESTOURO           6751                1A5F
